###############################################################################
#
# IAR ELF Linker V9.10.2.313/W64 for ARM                  17/Sep/2021  03:32:40
# Copyright 2007-2021 IAR Systems AB.
#
#    Output file  =
#        D:\SchoolExp\EmbSys\Template\trial_template\Debug\Exe\test.out
#    Map file     =
#        D:\SchoolExp\EmbSys\Template\trial_template\Debug\List\test.map
#    Command line =
#        -f D:\SchoolExp\EmbSys\Template\trial_template\Debug\Exe\test.out.rsp
#        (D:\SchoolExp\EmbSys\Template\trial_template\Debug\Obj\user\main.o
#        D:\SchoolExp\EmbSys\Template\trial_template\Debug\Obj\libraries\STM32F10x_StdPeriph_Driver_v3.5\src\misc.o
#        D:\SchoolExp\EmbSys\Template\trial_template\Debug\Obj\libraries\CMSIS\DeviceSupport\Startup\startup_stm32f10x_cl.o
#        D:\SchoolExp\EmbSys\Template\trial_template\Debug\Obj\libraries\STM32F10x_StdPeriph_Driver_v3.5\src\stm32f10x_adc.o
#        D:\SchoolExp\EmbSys\Template\trial_template\Debug\Obj\libraries\STM32F10x_StdPeriph_Driver_v3.5\src\stm32f10x_bkp.o
#        D:\SchoolExp\EmbSys\Template\trial_template\Debug\Obj\libraries\STM32F10x_StdPeriph_Driver_v3.5\src\stm32f10x_can.o
#        D:\SchoolExp\EmbSys\Template\trial_template\Debug\Obj\libraries\STM32F10x_StdPeriph_Driver_v3.5\src\stm32f10x_cec.o
#        D:\SchoolExp\EmbSys\Template\trial_template\Debug\Obj\libraries\STM32F10x_StdPeriph_Driver_v3.5\src\stm32f10x_crc.o
#        D:\SchoolExp\EmbSys\Template\trial_template\Debug\Obj\libraries\STM32F10x_StdPeriph_Driver_v3.5\src\stm32f10x_dac.o
#        D:\SchoolExp\EmbSys\Template\trial_template\Debug\Obj\libraries\STM32F10x_StdPeriph_Driver_v3.5\src\stm32f10x_dbgmcu.o
#        D:\SchoolExp\EmbSys\Template\trial_template\Debug\Obj\libraries\STM32F10x_StdPeriph_Driver_v3.5\src\stm32f10x_dma.o
#        D:\SchoolExp\EmbSys\Template\trial_template\Debug\Obj\libraries\STM32F10x_StdPeriph_Driver_v3.5\src\stm32f10x_exti.o
#        D:\SchoolExp\EmbSys\Template\trial_template\Debug\Obj\libraries\STM32F10x_StdPeriph_Driver_v3.5\src\stm32f10x_flash.o
#        D:\SchoolExp\EmbSys\Template\trial_template\Debug\Obj\libraries\STM32F10x_StdPeriph_Driver_v3.5\src\stm32f10x_fsmc.o
#        D:\SchoolExp\EmbSys\Template\trial_template\Debug\Obj\libraries\STM32F10x_StdPeriph_Driver_v3.5\src\stm32f10x_gpio.o
#        D:\SchoolExp\EmbSys\Template\trial_template\Debug\Obj\libraries\STM32F10x_StdPeriph_Driver_v3.5\src\stm32f10x_i2c.o
#        D:\SchoolExp\EmbSys\Template\trial_template\Debug\Obj\user\stm32f10x_it.o
#        D:\SchoolExp\EmbSys\Template\trial_template\Debug\Obj\libraries\STM32F10x_StdPeriph_Driver_v3.5\src\stm32f10x_iwdg.o
#        D:\SchoolExp\EmbSys\Template\trial_template\Debug\Obj\libraries\STM32F10x_StdPeriph_Driver_v3.5\src\stm32f10x_pwr.o
#        D:\SchoolExp\EmbSys\Template\trial_template\Debug\Obj\libraries\STM32F10x_StdPeriph_Driver_v3.5\src\stm32f10x_rcc.o
#        D:\SchoolExp\EmbSys\Template\trial_template\Debug\Obj\libraries\STM32F10x_StdPeriph_Driver_v3.5\src\stm32f10x_rtc.o
#        D:\SchoolExp\EmbSys\Template\trial_template\Debug\Obj\libraries\STM32F10x_StdPeriph_Driver_v3.5\src\stm32f10x_sdio.o
#        D:\SchoolExp\EmbSys\Template\trial_template\Debug\Obj\libraries\STM32F10x_StdPeriph_Driver_v3.5\src\stm32f10x_spi.o
#        D:\SchoolExp\EmbSys\Template\trial_template\Debug\Obj\libraries\STM32F10x_StdPeriph_Driver_v3.5\src\stm32f10x_tim.o
#        D:\SchoolExp\EmbSys\Template\trial_template\Debug\Obj\libraries\STM32F10x_StdPeriph_Driver_v3.5\src\stm32f10x_usart.o
#        D:\SchoolExp\EmbSys\Template\trial_template\Debug\Obj\libraries\STM32F10x_StdPeriph_Driver_v3.5\src\stm32f10x_wwdg.o
#        D:\SchoolExp\EmbSys\Template\trial_template\Debug\Obj\libraries\CMSIS\DeviceSupport\system_stm32f10x.o
#        --no_out_extension -o
#        D:\SchoolExp\EmbSys\Template\trial_template\Debug\Exe\test.out --map
#        D:\SchoolExp\EmbSys\Template\trial_template\Debug\List\test.map --log
#        libraries,initialization,modules,redirects,sections,veneers,unused_fragments,call_graph
#        --log_file
#        D:\SchoolExp\EmbSys\Template\trial_template\Debug\List\test.log
#        --config "C:\Program Files\IAR Systems\Embedded Workbench
#        9.0\arm\config\linker\ST\stm32f107xC.icf" --semihosting --entry
#        __iar_program_start --vfe --text_out locale)
#
###############################################################################

*******************************************************************************
*** RUNTIME MODEL ATTRIBUTES
***

CppFlavor       = *
__SystemLibrary = DLib
__dlib_version  = 6


*******************************************************************************
*** HEAP SELECTION
***

The basic heap was selected because some modules are built with
size limitations (and not runtime checking), and --advanced_heap
was not specified.


*******************************************************************************
*** PLACEMENT SUMMARY
***

"A0":  place at address 0x800'0000 { ro section .intvec };
"P1":  place in [from 0x800'0000 to 0x803'ffff] { ro };
define block CSTACK with size = 4K, alignment = 8 { };
define block HEAP with size = 4K, alignment = 8 { };
"P2":  place in [from 0x2000'0000 to 0x2000'ffff] {
          rw, block CSTACK, block HEAP };

No sections matched the following patterns:

  rw  in "P2"


  Section   Kind         Address    Size  Object
  -------   ----         -------    ----  ------
"A0":                              0x150
  .intvec   ro code   0x800'0000   0x150  startup_stm32f10x_cl.o [2]
                    - 0x800'0150   0x150

"P1":                              0x4c4
  .text     ro code   0x800'0150   0x1a4  system_stm32f10x.o [1]
  .text     ro code   0x800'02f4    0xd2  stm32f10x_gpio.o [3]
  .text     ro code   0x800'03c8    0x88  main.o [4]
  .text     ro code   0x800'0450    0x24  stm32f10x_rcc.o [3]
  .text     ro code   0x800'0474    0x1e  cmain.o [6]
  .text     ro code   0x800'0492     0x4  low_level_init.o [5]
  .text     ro code   0x800'0496     0x4  exit.o [5]
  .text     ro code   0x800'049c     0xa  cexit.o [6]
  .text     ro code   0x800'04a8    0x14  exit.o [7]
  .text     ro code   0x800'04bc    0x1c  cstartup_M.o [6]
  .text     ro code   0x800'04d8    0x12  stm32f10x_it.o [4]
  .text     ro code   0x800'04ec    0x10  startup_stm32f10x_cl.o [2]
  .text     ro code   0x800'04fc     0x4  startup_stm32f10x_cl.o [2]
  .text     ro code   0x800'0500     0x4  startup_stm32f10x_cl.o [2]
  .text     ro code   0x800'0504     0x4  startup_stm32f10x_cl.o [2]
  .text     ro code   0x800'0508     0x4  startup_stm32f10x_cl.o [2]
  .text     ro code   0x800'050c     0x4  startup_stm32f10x_cl.o [2]
  .text     ro code   0x800'0510     0x4  startup_stm32f10x_cl.o [2]
  .text     ro code   0x800'0514     0x4  startup_stm32f10x_cl.o [2]
  .text     ro code   0x800'0518     0x4  startup_stm32f10x_cl.o [2]
  .text     ro code   0x800'051c     0x4  startup_stm32f10x_cl.o [2]
  .text     ro code   0x800'0520     0x4  startup_stm32f10x_cl.o [2]
  .text     ro code   0x800'0524     0x4  startup_stm32f10x_cl.o [2]
  .text     ro code   0x800'0528     0x4  startup_stm32f10x_cl.o [2]
  .text     ro code   0x800'052c     0x4  startup_stm32f10x_cl.o [2]
  .text     ro code   0x800'0530     0x4  startup_stm32f10x_cl.o [2]
  .text     ro code   0x800'0534     0x4  startup_stm32f10x_cl.o [2]
  .text     ro code   0x800'0538     0x4  startup_stm32f10x_cl.o [2]
  .text     ro code   0x800'053c     0x4  startup_stm32f10x_cl.o [2]
  .text     ro code   0x800'0540     0x4  startup_stm32f10x_cl.o [2]
  .text     ro code   0x800'0544     0x4  startup_stm32f10x_cl.o [2]
  .text     ro code   0x800'0548     0x4  startup_stm32f10x_cl.o [2]
  .text     ro code   0x800'054c     0x4  startup_stm32f10x_cl.o [2]
  .text     ro code   0x800'0550     0x4  startup_stm32f10x_cl.o [2]
  .text     ro code   0x800'0554     0x4  startup_stm32f10x_cl.o [2]
  .text     ro code   0x800'0558     0x4  startup_stm32f10x_cl.o [2]
  .text     ro code   0x800'055c     0x4  startup_stm32f10x_cl.o [2]
  .text     ro code   0x800'0560     0x4  startup_stm32f10x_cl.o [2]
  .text     ro code   0x800'0564     0x4  startup_stm32f10x_cl.o [2]
  .text     ro code   0x800'0568     0x4  startup_stm32f10x_cl.o [2]
  .text     ro code   0x800'056c     0x4  startup_stm32f10x_cl.o [2]
  .text     ro code   0x800'0570     0x4  startup_stm32f10x_cl.o [2]
  .text     ro code   0x800'0574     0x4  startup_stm32f10x_cl.o [2]
  .text     ro code   0x800'0578     0x4  startup_stm32f10x_cl.o [2]
  .text     ro code   0x800'057c     0x4  startup_stm32f10x_cl.o [2]
  .text     ro code   0x800'0580     0x4  startup_stm32f10x_cl.o [2]
  .text     ro code   0x800'0584     0x4  startup_stm32f10x_cl.o [2]
  .text     ro code   0x800'0588     0x4  startup_stm32f10x_cl.o [2]
  .text     ro code   0x800'058c     0x4  startup_stm32f10x_cl.o [2]
  .text     ro code   0x800'0590     0x4  startup_stm32f10x_cl.o [2]
  .text     ro code   0x800'0594     0x4  startup_stm32f10x_cl.o [2]
  .text     ro code   0x800'0598     0x4  startup_stm32f10x_cl.o [2]
  .text     ro code   0x800'059c     0x4  startup_stm32f10x_cl.o [2]
  .text     ro code   0x800'05a0     0x4  startup_stm32f10x_cl.o [2]
  .text     ro code   0x800'05a4     0x4  startup_stm32f10x_cl.o [2]
  .text     ro code   0x800'05a8     0x4  startup_stm32f10x_cl.o [2]
  .text     ro code   0x800'05ac     0x4  startup_stm32f10x_cl.o [2]
  .text     ro code   0x800'05b0     0x4  startup_stm32f10x_cl.o [2]
  .text     ro code   0x800'05b4     0x4  startup_stm32f10x_cl.o [2]
  .text     ro code   0x800'05b8     0x4  startup_stm32f10x_cl.o [2]
  .text     ro code   0x800'05bc     0x4  startup_stm32f10x_cl.o [2]
  .text     ro code   0x800'05c0     0x4  startup_stm32f10x_cl.o [2]
  .text     ro code   0x800'05c4     0x4  startup_stm32f10x_cl.o [2]
  .text     ro code   0x800'05c8     0x4  startup_stm32f10x_cl.o [2]
  .text     ro code   0x800'05cc     0x4  startup_stm32f10x_cl.o [2]
  .text     ro code   0x800'05d0     0x4  startup_stm32f10x_cl.o [2]
  .text     ro code   0x800'05d4     0x4  startup_stm32f10x_cl.o [2]
  .text     ro code   0x800'05d8     0x4  startup_stm32f10x_cl.o [2]
  .text     ro code   0x800'05dc     0x4  startup_stm32f10x_cl.o [2]
  .text     ro code   0x800'05e0     0x4  startup_stm32f10x_cl.o [2]
  .text     ro code   0x800'05e4     0x4  startup_stm32f10x_cl.o [2]
  .text     ro code   0x800'05e8     0x4  startup_stm32f10x_cl.o [2]
  .text     ro code   0x800'05ec     0x4  startup_stm32f10x_cl.o [2]
  .text     ro code   0x800'05f0     0x4  startup_stm32f10x_cl.o [2]
  .text     ro code   0x800'05f4     0x4  startup_stm32f10x_cl.o [2]
  .text     ro code   0x800'05f8     0x4  startup_stm32f10x_cl.o [2]
  .text     ro code   0x800'05fc     0x4  startup_stm32f10x_cl.o [2]
  .text     ro code   0x800'0600     0x4  startup_stm32f10x_cl.o [2]
  .text     ro code   0x800'0604     0x4  startup_stm32f10x_cl.o [2]
  .text     ro code   0x800'0608     0x4  startup_stm32f10x_cl.o [2]
  .text     ro code   0x800'060c     0x4  startup_stm32f10x_cl.o [2]
  .text     ro code   0x800'0610     0x4  startup_stm32f10x_cl.o [2]
                    - 0x800'0614   0x4c4

"P2":                             0x1000
  CSTACK             0x2000'0000  0x1000  <Block>
    CSTACK  uninit   0x2000'0000  0x1000  <Block tail>
                   - 0x2000'1000  0x1000

Unused ranges:

         From           To      Size
         ----           --      ----
   0x800'0614   0x803'ffff  0x3'f9ec
  0x2000'1000  0x2000'ffff    0xf000



*******************************************************************************
*** MODULE SUMMARY
***

    Module                  ro code  rw data
    ------                  -------  -------
command line/config:
    ----------------------------------------
    Total:

D:\SchoolExp\EmbSys\Template\trial_template\Debug\Obj\libraries\CMSIS\DeviceSupport: [1]
    system_stm32f10x.o          420
    ----------------------------------------
    Total:                      420

D:\SchoolExp\EmbSys\Template\trial_template\Debug\Obj\libraries\CMSIS\DeviceSupport\Startup: [2]
    startup_stm32f10x_cl.o      632
    ----------------------------------------
    Total:                      632

D:\SchoolExp\EmbSys\Template\trial_template\Debug\Obj\libraries\STM32F10x_StdPeriph_Driver_v3.5\src: [3]
    stm32f10x_gpio.o            210
    stm32f10x_rcc.o              36
    ----------------------------------------
    Total:                      246

D:\SchoolExp\EmbSys\Template\trial_template\Debug\Obj\user: [4]
    main.o                      136
    stm32f10x_it.o               18
    ----------------------------------------
    Total:                      154

dl7M_tln.a: [5]
    exit.o                        4
    low_level_init.o              4
    ----------------------------------------
    Total:                        8

rt7M_tl.a: [6]
    cexit.o                      10
    cmain.o                      30
    cstartup_M.o                 28
    ----------------------------------------
    Total:                       68

shb_l.a: [7]
    exit.o                       20
    ----------------------------------------
    Total:                       20

    Gaps                          8
    Linker created                     4'096
--------------------------------------------
    Grand Total:              1'556    4'096


*******************************************************************************
*** ENTRY LIST
***

Entry                       Address   Size  Type      Object
-----                       -------   ----  ----      ------
?main                    0x800'0475         Code  Gb  cmain.o [6]
BusFault_Handler         0x800'04df    0x2  Code  Gb  stm32f10x_it.o [4]
CSTACK$$Base            0x2000'0000          --   Gb  - Linker created -
CSTACK$$Limit           0x2000'1000          --   Gb  - Linker created -
DebugMon_Handler         0x800'04e5    0x2  Code  Gb  stm32f10x_it.o [4]
GPIO_Init                0x800'02f5   0xc6  Code  Gb  stm32f10x_gpio.o [3]
GPIO_ReadInputData       0x800'03bb    0x6  Code  Gb  stm32f10x_gpio.o [3]
GPIO_Write               0x800'03c1    0x6  Code  Gb  stm32f10x_gpio.o [3]
HardFault_Handler        0x800'04db    0x2  Code  Gb  stm32f10x_it.o [4]
MemManage_Handler        0x800'04dd    0x2  Code  Gb  stm32f10x_it.o [4]
NMI_Handler              0x800'04d9    0x2  Code  Gb  stm32f10x_it.o [4]
PendSV_Handler           0x800'04e7    0x2  Code  Gb  stm32f10x_it.o [4]
RCC_APB2PeriphClockCmd   0x800'0451   0x20  Code  Gb  stm32f10x_rcc.o [3]
Region$$Table$$Base             0x0          --   Gb  - Linker created -
Region$$Table$$Limit            0x0          --   Gb  - Linker created -
SVC_Handler              0x800'04e3    0x2  Code  Gb  stm32f10x_it.o [4]
SetSysClock              0x800'01b7    0x8  Code  Lc  system_stm32f10x.o [1]
SetSysClockTo72          0x800'01bf  0x110  Code  Lc  system_stm32f10x.o [1]
SysTick_Handler          0x800'04e9    0x2  Code  Gb  stm32f10x_it.o [4]
SystemInit               0x800'0151   0x66  Code  Gb  system_stm32f10x.o [1]
UsageFault_Handler       0x800'04e1    0x2  Code  Gb  stm32f10x_it.o [4]
__cmain                  0x800'0475         Code  Gb  cmain.o [6]
__exit                   0x800'04a9   0x14  Code  Gb  exit.o [7]
__iar_program_start      0x800'04bd         Code  Gb  cstartup_M.o [6]
__low_level_init         0x800'0493    0x4  Code  Gb  low_level_init.o [5]
__vector_table           0x800'0000         Data  Gb  startup_stm32f10x_cl.o [2]
_call_main               0x800'0481         Code  Gb  cmain.o [6]
_exit                    0x800'049d         Code  Gb  cexit.o [6]
exit                     0x800'0497    0x4  Code  Gb  exit.o [5]
main                     0x800'03c9   0x88  Code  Gb  main.o [4]


[1] = D:\SchoolExp\EmbSys\Template\trial_template\Debug\Obj\libraries\CMSIS\DeviceSupport
[2] = D:\SchoolExp\EmbSys\Template\trial_template\Debug\Obj\libraries\CMSIS\DeviceSupport\Startup
[3] = D:\SchoolExp\EmbSys\Template\trial_template\Debug\Obj\libraries\STM32F10x_StdPeriph_Driver_v3.5\src
[4] = D:\SchoolExp\EmbSys\Template\trial_template\Debug\Obj\user
[5] = dl7M_tln.a
[6] = rt7M_tl.a
[7] = shb_l.a

  1'556 bytes of readonly  code memory
  4'096 bytes of readwrite data memory

Errors: none
Warnings: none
